---
source: crates/clinker-core/tests/pre_lift_baselines.rs
expression: scrubbed
---
=== Execution Plan ===

Mode: Streaming
Indices to build: 0
Transforms: 0
Output projections: 1
DAG nodes: 2

Source DAG:
  Tier 0: ingest_src

=== Physical Properties ===

output.sink:
  ordering: <none>
  ordering_provenance: NoOrdering
  partitioning: Single
  partitioning_provenance: SingleStream

source.ingest_src:
  ordering: <none>
  ordering_provenance: NoOrdering
  partitioning: Single
  partitioning_provenance: SingleStream

=== CXL Expressions ===

=== Type Annotations ===


=== Memory Budget ===

Memory limit: default
Worker threads: 4

=== DAG Topology ===

  ● [output] sink (line:28)
  ● [source] ingest_src (line:7)
