---
source: crates/clinker-core/tests/pre_lift_baselines.rs
expression: text
---
=== Execution Plan ===

Mode: Streaming
Indices to build: 0
Transforms: 2
Output projections: 2
DAG nodes: 6

Source DAG:
  Tier 0: orders

Transform 'classify':
  Parallelism: Stateless
  Window index: None
  Partition lookup: None

Transform 'classify_route':
  Parallelism: Stateless
  Window index: None
  Partition lookup: None

=== Physical Properties ===

source.orders:
  ordering: <none>
  ordering_provenance: NoOrdering
  partitioning: Single
  partitioning_provenance: SingleStream

transform.classify:
  ordering: <none>
  ordering_provenance: NoOrdering
  partitioning: Single
  partitioning_provenance: SingleStream

transform.classify_route:
  ordering: <none>
  ordering_provenance: NoOrdering
  partitioning: Single
  partitioning_provenance: SingleStream

output.low:
  ordering: <none>
  ordering_provenance: NoOrdering
  partitioning: Single
  partitioning_provenance: SingleStream

output.high:
  ordering: <none>
  ordering_provenance: NoOrdering
  partitioning: Single
  partitioning_provenance: SingleStream

route.route_classify_route:
  ordering: <none>
  ordering_provenance: NoOrdering
  partitioning: Single
  partitioning_provenance: SingleStream

Route 'route_classify_route' (mode: exclusive):
  Branch 'high' → output 'high'
  Default: 'low' → output 'low'

=== CXL Expressions ===

Transform 'classify':
  emit id = id
  emit amount = amount

Transform 'classify_route':

=== Type Annotations ===

Transform 'classify': (types inferred at compile time)
Transform 'classify_route': (types inferred at compile time)

=== Memory Budget ===

Memory limit: default
Worker threads: 4

=== DAG Topology ===

  ● [source] orders (line:5)
  │ [transform] classify (line:17)
  │ [transform] classify_route (line:25)
  │ [output] low (line:42)
  │ [output] high (line:34)
  ◆ FORK [route:exclusive] 'route_classify_route' (line:25)
  ├──> high → high
  ├──> default → low
