---
source: crates/clinker-core/tests/state_node_diagnostics.rs
expression: render_diags(&diags)
---
E171: node "init_w" reads $pipeline.runtime_v but is not a DAG descendant of writer state node "runtime_w" — the read would observe the declaration default, not the written value (move the reader downstream of the writer or remove the read)
