---
source: crates/clinker-exec/tests/explain_arbitration.rs
expression: text
---
=== Execution Plan ===

Mode: Streaming
Indices to build: 0
Transforms: 0
Output projections: 1
DAG nodes: 3
arbitration: BackPressurePreferred -> Priority (pause at 0.80·limit, resume below 0.70·limit)

Source DAG:
  Tier 0: orders

=== Physical Properties ===

source.orders:
  ordering: <none>
  ordering_provenance: NoOrdering
  partitioning: Single
  partitioning_provenance: SingleStream
  buffer: materialized
  arbitration: spill_priority=N/A, can_back_pressure=true, predicted_peak=0B, predicted_freed=0B, predicted_subtree_reclaim=0B

aggregation.dept_totals:
  ordering: <none>
  ordering_provenance: DestroyedByHashAggregate { at_node: "dept_totals", confidence: Proven }
  partitioning: Single
  partitioning_provenance: SingleStream
  buffer: materialized
  arbitration: spill_priority=30, can_back_pressure=false, predicted_peak=0B, predicted_freed=0B, predicted_subtree_reclaim=0B

output.out:
  ordering: <none>
  ordering_provenance: NoOrdering
  partitioning: Single
  partitioning_provenance: SingleStream
  buffer: streaming
  arbitration: spill_priority=N/A, can_back_pressure=false, predicted_peak=0B, predicted_freed=0B, predicted_subtree_reclaim=0B

=== Buffer Edges ===

edge source.orders -> aggregation.dept_totals:
  buffer: node_buffer (slot=0)
  arbitration: spill_priority=0, can_back_pressure=false, predicted_peak=0B, predicted_freed=0B (producer: source)

edge aggregation.dept_totals -> output.out:
  buffer: node_buffer (slot=1)
  arbitration: spill_priority=0, can_back_pressure=false, predicted_peak=0B, predicted_freed=0B (producer: aggregation)

=== Estimated Spill Volume ===

Estimated spill volume (per blocking stage):
  [aggregation:hash] dept_totals → unknown
  Total (known stages): 0B (excludes stages whose volume is unknown at plan time — a network source, a missing or unreadable input, or a glob/regex matcher whose discovery fails)

=== CXL Expressions ===

Transform 'dept_totals':
  emit department = department
  emit total = sum(amount)

=== Type Annotations ===


=== Memory Budget ===

Memory limit: default
Worker threads: 4

=== DAG Topology ===

  ● [source] orders (line:5)
  ◇ [aggregation:hash] dept_totals (line:15)
  │ [output] out (line:24)
